16:03:24 **** Incremental Build of configuration Debug for project Lab7 ****
make -j1 all 
Building file: ../src/main.c
Invoking: MCU GCC Compiler
/Users/erinpayne/Downloads/ECE631/lab7/Lab7/Debug
arm-none-eabi-gcc -mcpu=cortex-m4 -mthumb -mfloat-abi=hard -mfpu=fpv4-sp-d16 -DSTM32 -DSTM32L4 -DSTM32L475VGTx -DB_L475E_IOT01A1 -DDEBUG -DSTM32L475xx -DUSE_HAL_DRIVER -I"/Users/erinpayne/Downloads/ECE631/lab7/Lab7/Utilities/Components/m24sr" -I"/Users/erinpayne/Downloads/ECE631/lab7/Lab7/Utilities/Components/cs43l22" -I"/Users/erinpayne/Downloads/ECE631/lab7/Lab7/Utilities/Components/mx25lm51245g" -I"/Users/erinpayne/Downloads/ECE631/lab7/Lab7/Utilities/Components/mfxstm32l152" -I"/Users/erinpayne/Downloads/ECE631/lab7/Lab7/CMSIS/device" -I"/Users/erinpayne/Downloads/ECE631/lab7/Lab7/Utilities/Components/cs42l51" -I"/Users/erinpayne/Downloads/ECE631/lab7/Lab7/Utilities/Components/n25q128a" -I"/Users/erinpayne/Downloads/ECE631/lab7/Lab7/Utilities/Components/st7735" -I"/Users/erinpayne/Downloads/ECE631/lab7/Lab7/Utilities/Components/ft3x67" -I"/Users/erinpayne/Downloads/ECE631/lab7/Lab7/Utilities/Components/rk043fn48h" -I"/Users/erinpayne/Downloads/ECE631/lab7/Lab7/Utilities/Components/hx8347g" -I"/Users/erinpayne/Downloads/ECE631/lab7/Lab7/HAL_Driver/Inc/Legacy" -I"/Users/erinpayne/Downloads/ECE631/lab7/Lab7/Utilities/Components/ov9655" -I"/Users/erinpayne/Downloads/ECE631/lab7/Lab7/Utilities/Components/stmpe1600" -I"/Users/erinpayne/Downloads/ECE631/lab7/Lab7/Utilities/Components/Common" -I"/Users/erinpayne/Downloads/ECE631/lab7/Lab7/Utilities/Components/l3gd20" -I"/Users/erinpayne/Downloads/ECE631/lab7/Lab7/Utilities/Components/lsm6dsl" -I"/Users/erinpayne/Downloads/ECE631/lab7/Lab7/HAL_Driver/Inc" -I"/Users/erinpayne/Downloads/ECE631/lab7/Lab7/Utilities/Components/stmpe811" -I"/Users/erinpayne/Downloads/ECE631/lab7/Lab7/Utilities/Components/wm8994" -I"/Users/erinpayne/Downloads/ECE631/lab7/Lab7/Utilities/B-L475E-IOT01" -I"/Users/erinpayne/Downloads/ECE631/lab7/Lab7/Utilities/Components/ft5336" -I"/Users/erinpayne/Downloads/ECE631/lab7/Lab7/Utilities/Components/n25q256a" -I"/Users/erinpayne/Downloads/ECE631/lab7/Lab7/inc" -I"/Users/erinpayne/Downloads/ECE631/lab7/Lab7/Utilities/Components/hts221" -I"/Users/erinpayne/Downloads/ECE631/lab7/Lab7/Utilities/Components/ls016b8uy" -I"/Users/erinpayne/Downloads/ECE631/lab7/Lab7/Utilities/Components/ft6x06" -I"/Users/erinpayne/Downloads/ECE631/lab7/Lab7/Utilities/Components/lis3mdl" -I"/Users/erinpayne/Downloads/ECE631/lab7/Lab7/Utilities/Components/lps22hb" -I"/Users/erinpayne/Downloads/ECE631/lab7/Lab7/Utilities/Components/st7789h2" -I"/Users/erinpayne/Downloads/ECE631/lab7/Lab7/Utilities/Components/lsm303c" -I"/Users/erinpayne/Downloads/ECE631/lab7/Lab7/Utilities/Components/iss66wvh8m8" -I"/Users/erinpayne/Downloads/ECE631/lab7/Lab7/Utilities/Components/lsm303dlhc" -I"/Users/erinpayne/Downloads/ECE631/lab7/Lab7/CMSIS/core" -I"/Users/erinpayne/Downloads/ECE631/lab7/Lab7/Utilities/Components/mx25r6435f" -O0 -g3 -Wall -fmessage-length=0 -ffunction-sections -c -MMD -MP -MF"src/main.d" -MT"src/main.o" -o "src/main.o" "../src/main.c"
In file included from ../src/main.c:10:0:
/Users/erinpayne/Downloads/ECE631/lab7/Lab7/inc/main.h:26:16: warning: 'haveString' defined but not used [-Wunused-variable]
 static uint8_t haveString;
                ^~~~~~~~~~
/Users/erinpayne/Downloads/ECE631/lab7/Lab7/inc/main.h:25:13: warning: 'receivedString' defined but not used [-Wunused-variable]
 static char receivedString[MAX_STRLEN+1]; //Hold received string
             ^~~~~~~~~~~~~~
Finished building: ../src/main.c
 
Building target: Lab7.elf
Invoking: MCU GCC Linker
arm-none-eabi-gcc -mcpu=cortex-m4 -mthumb -mfloat-abi=hard -mfpu=fpv4-sp-d16 -T"/Users/erinpayne/Downloads/ECE631/lab7/Lab7/LinkerScript.ld" -Wl,-Map=output.map -Wl,--gc-sections -o "Lab7.elf" @"objects.list"   -lm
Finished building target: Lab7.elf
 
/Library/Developer/CommandLineTools/usr/bin/make --no-print-directory post-build
Generating binary and Printing size information:
arm-none-eabi-objcopy -O binary "Lab7.elf" "Lab7.bin"
arm-none-eabi-size "Lab7.elf"
   text	   data	    bss	    dec	    hex	filename
  18712	   1360	   7864	  27936	   6d20	Lab7.elf
 
16:03:47 **** Programming project Lab7 on chip ****
/Applications/Ac6/SystemWorkbench.app/Contents/Eclipse/plugins/fr.ac6.mcu.externaltools.openocd.macos64_1.22.0.201902141520/tools/openocd/bin/openocd -f stm32.flash.8966799317514610068.cfg -s /Users/erinpayne/Downloads/ECE631/lab7/Lab7 -s /Applications/Ac6/SystemWorkbench.app/Contents/Eclipse/plugins/fr.ac6.mcu.debug_2.4.0.201902141520/resources/openocd/st_scripts -c "program Debug/Lab7.elf verify exit" 
Open On-Chip Debugger 0.10.0-dev-00019-g5352c55 (2019-02-14-15:37)
Licensed under GNU GPL v2
For bug reports, read
	http://openocd.org/doc/doxygen/bugs.html
srst_only separate srst_nogate srst_open_drain connect_assert_srst
Info : The selected transport took over low-level target control. The results might differ compared to plain JTAG/SWD
padded zone erase set to 1
adapter speed: 8000 kHz
adapter_nsrst_delay: 100
Info : clock speed 8000 kHz
Info : STLINK v2.1 JTAG v28 API v2 M18 VID 0x0483 PID 0x374B
Info : using stlink api v2
Info : Target voltage: 3.216252
Info : Unable to match requested speed 8000 kHz, using 4000 kHz
Info : Stlink adapter speed set to 4000 kHz
Info : STM32L475VGTx.cpu: hardware has 6 breakpoints, 4 watchpoints
target halted due to debug-request, current mode: Thread 
xPSR: 0x01000000 pc: 0x08003ca4 msp: 0x20018000
** Programming Started **
auto erase enabled
Info : Device id = 0x10076415
Info : STM32L4xx flash size is 1024kb, base address is 0x8000000
Info : Erase the padded zone before the write
Error: Whole bank access must start at beginning of bank.
target halted due to breakpoint, current mode: Thread 
xPSR: 0x61000000 pc: 0x20000050 msp: 0x20018000
Info : block write succeeded
wrote 20480 bytes from file Debug/Lab7.elf in 1.180949s (16.936 KiB/s)
** Programming Finished **
** Verify Started **
target halted due to breakpoint, current mode: Thread 
xPSR: 0x61000000 pc: 0x2000002e msp: 0x20018000
target halted due to breakpoint, current mode: Thread 
xPSR: 0x61000000 pc: 0x2000002e msp: 0x20018000
verified 20128 bytes in 1.328101s (14.800 KiB/s)
** Verified OK **
shutdown command invoked
